/Users/admin/Library/Python/3.9/lib/python/site-packages/urllib3/__init__.py:35: NotOpenSSLWarning: urllib3 v2 only supports OpenSSL 1.1.1+, currently the 'ssl' module is compiled with 'LibreSSL 2.8.3'. See: https://github.com/urllib3/urllib3/issues/3020
  warnings.warn(
{"ts": "2026-05-07T02:05:34.674067+00:00", "level": "info", "event": "run_started", "targets": ["xstonekwa", "mythyllus"], "target_count": 2, "package": "com.instagram.android", "multi_mode": true}
{"ts": "2026-05-07T02:05:38.171632+00:00", "level": "info", "event": "device_connected", "device_info": {"currentPackageName": "com.instagram.android", "displayHeight": 2400, "displayRotation": 0, "displaySizeDpX": 411, "displaySizeDpY": 914, "displayWidth": 1080, "productName": "sdk_gphone64_arm64", "screenOn": true, "sdkInt": 34, "naturalOrientation": true}}
{"ts": "2026-05-07T02:05:38.171804+00:00", "level": "info", "event": "phase_timing", "phase": "connect_device", "elapsed_ms": 3497.31}
{"ts": "2026-05-07T02:05:38.432462+00:00", "level": "info", "event": "android_animations_disabled"}
{"ts": "2026-05-07T02:05:38.432595+00:00", "level": "info", "event": "phase_timing", "phase": "disable_android_animations", "elapsed_ms": 260.75}
{"ts": "2026-05-07T02:05:38.466160+00:00", "level": "info", "event": "health_check", "ok": true}
{"ts": "2026-05-07T02:05:38.466211+00:00", "level": "info", "event": "phase_timing", "phase": "health_check", "elapsed_ms": 33.59}
{"ts": "2026-05-07T02:05:41.601332+00:00", "level": "info", "event": "instagram_warm_session_reused", "reason": "ok"}
{"ts": "2026-05-07T02:05:41.725896+00:00", "level": "info", "event": "phase_timing", "phase": "warm_session_skip_force_stop", "elapsed_ms": 3259.64}
{"ts": "2026-05-07T02:05:42.097526+00:00", "level": "info", "event": "app_foreground_check", "package": "com.instagram.android", "current": "com.instagram.android", "ok": true}
{"ts": "2026-05-07T02:05:42.097637+00:00", "level": "info", "event": "phase_timing", "phase": "verify_app_running", "elapsed_ms": 371.62}
{"ts": "2026-05-07T02:05:42.097838+00:00", "level": "info", "event": "multi_target_iteration", "index": 0, "username": "xstonekwa", "total": 2}
{"ts": "2026-05-07T02:05:47.867366+00:00", "level": "info", "event": "search_surface_reused", "reason": "lightweight_signals", "package": "com.instagram.android", "search_field_ready_ms": 148.87, "search_open_skipped_ms": 2800.0}
{"ts": "2026-05-07T02:05:47.867574+00:00", "level": "info", "event": "open_search_timing", "search_click_ms": 0.0, "search_field_ready_ms": 148.87, "selector": "surface_reuse:lightweight_signals", "ok": true}
{"ts": "2026-05-07T02:05:47.867677+00:00", "level": "info", "event": "phase_timing", "phase": "open_search", "elapsed_ms": 5769.54}
{"ts": "2026-05-07T02:05:48.232428+00:00", "level": "info", "event": "search_field_clear_started", "intended_username": "xstonekwa", "has_previous": false}
{"ts": "2026-05-07T02:05:50.835869+00:00", "level": "info", "event": "search_field_placeholder_detected", "placeholder_preview": "Search with Meta AI"}
{"ts": "2026-05-07T02:05:50.835907+00:00", "level": "info", "event": "search_field_effectively_empty", "state": "placeholder"}
{"ts": "2026-05-07T02:05:50.835918+00:00", "level": "info", "event": "search_field_clear_success", "search_field_clear_method": "clear_text"}
{"ts": "2026-05-07T02:05:50.835927+00:00", "level": "info", "event": "search_field_clear_method", "search_field_clear_method": "clear_text", "ok": true}
{"ts": "2026-05-07T02:05:52.293897+00:00", "level": "info", "event": "search_field_before_typing_text", "text_preview": "Search with Meta AI", "text_len": 19, "username": "xstonekwa"}
{"ts": "2026-05-07T02:05:53.809645+00:00", "level": "debug", "event": "fast_input_broadcast", "exit_code": 0, "output_tail": "Broadcasting: Intent { act=ADB_INPUT_TEXT flg=0x400000 (has extras) }\nBroadcast completed: result=0"}
{"ts": "2026-05-07T02:05:53.809808+00:00", "level": "info", "event": "fast_ime_typing", "typing_method": "fast_ime", "fast_ime_switch_ok": true, "fast_ime_broadcast_ok": true, "command_ok": true}
{"ts": "2026-05-07T02:05:53.960986+00:00", "level": "info", "event": "search_typed", "username": "xstonekwa", "typing_method": "fast_ime", "typing_confirm_ms": 0.0, "ok": true, "fused_row_confirm_deferred": true, "fast_ime_switch_ok": true, "fast_ime_broadcast_ok": true}
{"ts": "2026-05-07T02:05:53.961145+00:00", "level": "info", "event": "phase_timing", "phase": "type_search", "elapsed_ms": 6093.41}
{"ts": "2026-05-07T02:05:56.682929+00:00", "level": "warning", "event": "accounts_tab_not_found", "budget_s": 1.5, "message": "Switching to mixed_results search UI mode."}
{"ts": "2026-05-07T02:05:56.683511+00:00", "level": "info", "event": "search_ui_mode", "mode": "mixed_results"}
{"ts": "2026-05-07T02:05:56.683601+00:00", "level": "info", "event": "phase_timing", "phase": "open_accounts_tab", "elapsed_ms": 2722.43}
{"ts": "2026-05-07T02:05:57.985689+00:00", "level": "info", "event": "row_hot_path_first_match", "username": "xstonekwa", "search_ui_mode": "mixed_results"}
{"ts": "2026-05-07T02:06:01.187931+00:00", "level": "info", "event": "row_tap_command_done", "row_tap_command_ms": 284.33, "x": 301, "y": 469, "username": "xstonekwa", "tap_mode": "hot_center_jitter", "search_ui_mode": "mixed_results"}
{"ts": "2026-05-07T02:06:02.941027+00:00", "level": "info", "event": "profile_transition_signal_early", "signal": "action_bar_title", "username": "xstonekwa"}
{"ts": "2026-05-07T02:06:02.941278+00:00", "level": "info", "event": "account_row_tapped", "x": 301, "y": 469, "username": "xstonekwa", "search_ui_mode": "mixed_results", "tap_bounds": {"left": 211, "top": 442, "right": 388, "bottom": 493}, "tap_mode": "hot_center_jitter"}
{"ts": "2026-05-07T02:06:02.941336+00:00", "level": "info", "event": "real_account_row_tap_center", "x": 301, "y": 469, "username": "xstonekwa"}
{"ts": "2026-05-07T02:06:03.354040+00:00", "level": "info", "event": "phase_timing", "phase": "tap_account", "elapsed_ms": 6670.26}
{"ts": "2026-05-07T02:06:03.868749+00:00", "level": "info", "event": "profile_open_detected", "username": "xstonekwa", "signal": "header_resource_id", "attempt": 1}
{"ts": "2026-05-07T02:06:03.868833+00:00", "level": "info", "event": "profile_verify_signal_found", "username": "xstonekwa", "signal": "header_resource_id", "attempt": 1}
{"ts": "2026-05-07T02:06:03.868858+00:00", "level": "info", "event": "profile_verify_success", "username": "xstonekwa", "signal": "header_resource_id", "attempts": 1}
{"ts": "2026-05-07T02:06:03.868894+00:00", "level": "info", "event": "phase_timing", "phase": "verify_profile", "elapsed_ms": 514.75}
{"ts": "2026-05-07T02:06:03.868937+00:00", "level": "info", "event": "run_success_stop", "total_ms": 21770.81, "target": "xstonekwa", "message": "Profile verified; safe run complete (no further actions)."}
{"ts": "2026-05-07T02:06:03.869046+00:00", "level": "info", "event": "performance_summary", "total_ms": 21770.88, "target_username": "xstonekwa", "typing_command_ms": 5728.73, "row_detect_ms": 1301.43, "row_tap_command_ms": 284.33, "post_tap_settle_ms": 125.69, "profile_transition_wait_ms": 1627.51, "profile_verify_ms": 514.75, "search_click_ms": 0.0, "search_field_ready_ms": 148.87, "search_surface_reused": true, "search_back_to_search_ms": 0.0, "search_open_skipped_ms": 2800.0, "typing_confirm_ms": 0.0, "warm_session_used": true, "force_stop_used": false, "xml_fetches": 0, "recovery_used": false, "exit_code": 0}
{"ts": "2026-05-07T02:06:03.869170+00:00", "level": "info", "event": "multi_target_iteration", "index": 1, "username": "mythyllus", "total": 2}
{"ts": "2026-05-07T02:06:12.929765+00:00", "level": "info", "event": "search_back_to_search_ok", "search_back_to_search_ms": 9060.42}
{"ts": "2026-05-07T02:06:13.243800+00:00", "level": "info", "event": "search_surface_reused", "reason": "back_from_profile", "package": "com.instagram.android", "search_field_ready_ms": 313.83, "search_open_skipped_ms": 2800.0}
{"ts": "2026-05-07T02:06:13.243883+00:00", "level": "info", "event": "open_search_timing", "search_click_ms": 0.0, "search_field_ready_ms": 313.83, "selector": "surface_reuse:back_from_profile", "ok": true}
{"ts": "2026-05-07T02:06:13.243961+00:00", "level": "info", "event": "phase_timing", "phase": "return_to_search", "elapsed_ms": 9374.72}
{"ts": "2026-05-07T02:06:13.527910+00:00", "level": "info", "event": "search_field_clear_started", "intended_username": "mythyllus", "has_previous": true}
{"ts": "2026-05-07T02:06:18.285455+00:00", "level": "info", "event": "search_field_placeholder_detected", "placeholder_preview": "Search with Meta AI"}
{"ts": "2026-05-07T02:06:18.285627+00:00", "level": "info", "event": "search_field_effectively_empty", "state": "placeholder"}
{"ts": "2026-05-07T02:06:18.285650+00:00", "level": "info", "event": "search_field_clear_success", "search_field_clear_method": "clear_text"}
{"ts": "2026-05-07T02:06:18.285704+00:00", "level": "info", "event": "search_field_clear_method", "search_field_clear_method": "clear_text", "ok": true}
{"ts": "2026-05-07T02:06:19.942230+00:00", "level": "info", "event": "search_field_before_typing_text", "text_preview": "Search with Meta AI", "text_len": 19, "username": "mythyllus"}
{"ts": "2026-05-07T02:06:21.485735+00:00", "level": "debug", "event": "fast_input_broadcast", "exit_code": 0, "output_tail": "Broadcasting: Intent { act=ADB_INPUT_TEXT flg=0x400000 (has extras) }\nBroadcast completed: result=0"}
{"ts": "2026-05-07T02:06:21.485926+00:00", "level": "info", "event": "fast_ime_typing", "typing_method": "fast_ime", "fast_ime_switch_ok": true, "fast_ime_broadcast_ok": true, "command_ok": true}
{"ts": "2026-05-07T02:06:21.639227+00:00", "level": "info", "event": "search_typed", "username": "mythyllus", "typing_method": "fast_ime", "typing_confirm_ms": 0.0, "ok": true, "fused_row_confirm_deferred": true, "fast_ime_switch_ok": true, "fast_ime_broadcast_ok": true}
{"ts": "2026-05-07T02:06:21.639410+00:00", "level": "info", "event": "phase_timing", "phase": "type_search", "elapsed_ms": 8395.41}
{"ts": "2026-05-07T02:06:24.610930+00:00", "level": "warning", "event": "accounts_tab_not_found", "budget_s": 1.5, "message": "Switching to mixed_results search UI mode."}
{"ts": "2026-05-07T02:06:24.611132+00:00", "level": "info", "event": "search_ui_mode", "mode": "mixed_results"}
{"ts": "2026-05-07T02:06:24.611174+00:00", "level": "info", "event": "phase_timing", "phase": "open_accounts_tab", "elapsed_ms": 2971.72}
{"ts": "2026-05-07T02:06:25.588793+00:00", "level": "info", "event": "row_hot_path_first_match", "username": "mythyllus", "search_ui_mode": "mixed_results"}
{"ts": "2026-05-07T02:06:29.678372+00:00", "level": "info", "event": "row_tap_command_done", "row_tap_command_ms": 260.97, "x": 290, "y": 465, "username": "mythyllus", "tap_mode": "hot_center_jitter", "search_ui_mode": "mixed_results"}
{"ts": "2026-05-07T02:06:30.530508+00:00", "level": "info", "event": "profile_transition_signal_early", "signal": "action_bar_title", "username": "mythyllus"}
{"ts": "2026-05-07T02:06:30.530601+00:00", "level": "info", "event": "account_row_tapped", "x": 290, "y": 465, "username": "mythyllus", "search_ui_mode": "mixed_results", "tap_bounds": {"left": 211, "top": 442, "right": 368, "bottom": 493}, "tap_mode": "hot_center_jitter"}
{"ts": "2026-05-07T02:06:30.530636+00:00", "level": "info", "event": "real_account_row_tap_center", "x": 290, "y": 465, "username": "mythyllus"}
{"ts": "2026-05-07T02:06:30.767957+00:00", "level": "info", "event": "phase_timing", "phase": "tap_account", "elapsed_ms": 6156.73}
{"ts": "2026-05-07T02:06:31.790980+00:00", "level": "info", "event": "profile_open_detected", "username": "mythyllus", "signal": "header_resource_id", "attempt": 1}
{"ts": "2026-05-07T02:06:31.791082+00:00", "level": "info", "event": "profile_verify_signal_found", "username": "mythyllus", "signal": "header_resource_id", "attempt": 1}
{"ts": "2026-05-07T02:06:31.791106+00:00", "level": "info", "event": "profile_verify_success", "username": "mythyllus", "signal": "header_resource_id", "attempts": 1}
{"ts": "2026-05-07T02:06:31.791143+00:00", "level": "info", "event": "phase_timing", "phase": "verify_profile", "elapsed_ms": 1023.02}
{"ts": "2026-05-07T02:06:31.791177+00:00", "level": "info", "event": "run_success_stop", "total_ms": 27921.93, "target": "mythyllus", "message": "Profile verified; safe run complete (no further actions)."}
{"ts": "2026-05-07T02:06:31.791293+00:00", "level": "info", "event": "performance_summary", "total_ms": 27922.01, "target_username": "mythyllus", "typing_command_ms": 8111.29, "row_detect_ms": 977.64, "row_tap_command_ms": 260.97, "post_tap_settle_ms": 121.28, "profile_transition_wait_ms": 730.75, "profile_verify_ms": 1023.01, "search_click_ms": 0.0, "search_field_ready_ms": 313.83, "search_surface_reused": true, "search_back_to_search_ms": 9060.42, "search_open_skipped_ms": 2800.0, "typing_confirm_ms": 0.0, "warm_session_used": true, "force_stop_used": false, "xml_fetches": 0, "recovery_used": false, "exit_code": 0}
{"ts": "2026-05-07T02:06:31.791397+00:00", "level": "info", "event": "run_all_targets_complete", "count": 2, "total_session_ms": 57116.87, "message": "Instagram left warm on device; no home press."}
